// Jest Snapshot v1, https://goo.gl/fbAQLP

exports[`BookListContainer looks good 1`] = `ReactWrapper {}`;
