// Jest Snapshot v1, https://goo.gl/fbAQLP

exports[`SearchInput looks good 1`] = `ReactWrapper {}`;
