// Jest Snapshot v1, https://goo.gl/fbAQLP

exports[`BookDetail looks good 1`] = `ReactWrapper {}`;
