// Jest Snapshot v1, https://goo.gl/fbAQLP

exports[`BookContainer looks good 1`] = `ReactWrapper {}`;
